  ▲ Next.js 14.2.35
  - Environments: .env.local

   Creating an optimized production build ...
 ✓ Compiled successfully
   Skipping linting
   Checking validity of types ...
   Collecting page data ...
   Generating static pages (0/22) ...
   Generating static pages (5/22) 
   Generating static pages (10/22) 
   Generating static pages (16/22) 
 ✓ Generating static pages (22/22)
   Finalizing page optimization ...
   Collecting build traces ...

Route (app)                              Size     First Load JS
┌ ○ /                                    11.6 kB         197 kB
├ ○ /_not-found                          873 B          88.2 kB
├ ○ /about                               1.46 kB         111 kB
├ ƒ /admin                               7.21 kB         190 kB
├ ƒ /admin/aftersales                    5.47 kB         100 kB
├ ƒ /admin/customers                     5.8 kB          100 kB
├ ƒ /admin/inventory                     14.3 kB         188 kB
├ ƒ /admin/login                         3.52 kB        98.1 kB
├ ƒ /admin/models                        4.69 kB         169 kB
├ ƒ /admin/orders                        11.9 kB         195 kB
├ ƒ /admin/orders/[orderNo]              7.29 kB         190 kB
├ ƒ /admin/pricing                       4.44 kB         172 kB
├ ƒ /admin/symptoms                      5.76 kB         173 kB
├ ƒ /api/admin/login                     0 B                0 B
├ ƒ /api/admin/logout                    0 B                0 B
├ ƒ /api/admin/tier-multipliers          0 B                0 B
├ ƒ /api/aftersales                      0 B                0 B
├ ƒ /api/aftersales/[id]                 0 B                0 B
├ ƒ /api/customers/[id]                  0 B                0 B
├ ƒ /api/orders                          0 B                0 B
├ ƒ /api/orders/[id]                     0 B                0 B
├ ƒ /api/quote                           0 B                0 B
├ ƒ /api/shop-orders                     0 B                0 B
├ ƒ /repair                              17.4 kB         197 kB
├ ƒ /shop                                8.36 kB         112 kB
├ ƒ /shop/[id]                           7.04 kB         110 kB
└ ƒ /track                               8.99 kB         183 kB
+ First Load JS shared by all            87.3 kB
  ├ chunks/117-1a4574b81ec9f309.js       31.7 kB
  ├ chunks/fd9d1056-7dbe5d96feb2733f.js  53.6 kB
  └ other shared chunks (total)          1.95 kB


ƒ Middleware                             84.8 kB

○  (Static)   prerendered as static content
ƒ  (Dynamic)  server-rendered on demand

